07:49:20 **** Incremental Build of configuration Debug for project example ****
make -j8 all 
arm-none-eabi-gcc -o "example.elf" @"objects.list"   -mcpu=cortex-m3 -T"D:\Desktop\lab_vxl\lab1\example\STM32F103RBTX_FLASH.ld" --specs=nosys.specs -Wl,-Map="example.map" -Wl,--gc-sections -static --specs=nano.specs -mfloat-abi=soft -mthumb -Wl,--start-group -lc -lm -Wl,--end-group
Finished building target: example.elf
 
arm-none-eabi-size   example.elf 
arm-none-eabi-objdump -h -S  example.elf  > "example.list"
arm-none-eabi-objcopy  -O ihex  example.elf  "example.hex"
   text	   data	    bss	    dec	    hex	filename
   5660	     20	   1644	   7324	   1c9c	example.elf
arm-none-eabi-objcopy  -O binary  example.elf  "example.bin"
Finished building: default.size.stdout
 
Finished building: example.hex
Finished building: example.bin
 
Finished building: example.list
 
 

07:49:21 Build Finished. 0 errors, 0 warnings. (took 326ms)

